// Jest Snapshot v1, https://jestjs.io/docs/snapshot-testing

exports[`Kicking spammer Kicked member is informed about the kick in DM 1`] = `"You have been kicked from the Odin Project Discord server for sending multiple images in short session. If this account is compromised, please follow the steps linked in this [Discord support article about securing your account](https://support.discord.com/hc/en-us/articles/24160905919511-My-Discord-Account-was-Hacked-or-Compromised). Once your account is secure, feel free to rejoin the server"`;

exports[`Kicking spammer Kicked member is logged in moderation channel 1`] = `
{
  "embeds": [
    {
      "author": {
        "icon_url": "image.jpg",
        "name": "Kick | bad.spammer",
      },
      "color": 15747399,
      "fields": [
        {
          "inline": true,
          "name": "User",
          "value": "<@123>",
        },
        {
          "inline": true,
          "name": "Reason",
          "value": "User has been kicked, recieved auto mute after images spam.",
        },
      ],
      "footer": {
        "text": "ID: 123",
      },
      "timestamp": "2024-02-01T00:00:00.000Z",
    },
  ],
}
`;

exports[`Kicking spammer Kicks member after receiving muted role 1`] = `"Image spam, account flagged for being compromised"`;

exports[`Kicking spammer Kicks member even if their DM is disabled 1`] = `"Image spam, account flagged for being compromised"`;
