// Jest Snapshot v1, https://jestjs.io/docs/snapshot-testing

exports[`!os callback returns correct output 1`] = `
{
  "embeds": [
    {
      "color": 13407555,
      "description": "**The Odin Project is not designed for and does not support Windows or any other OS outside of our recommendations**. We are happy to assist with any questions about installing and using Ubuntu (or an official flavor) via a VM, WSL, or dual booting.

For more info on Windows, check out this exhaustive list on [why we do not support Windows](<https://github.com/TheOdinProject/blog/wiki/Why-We-Do-Not-Support-Windows>).

You can find our list of supported OS options in our [Installation Overview lesson](<https://www.theodinproject.com/paths/foundations/courses/foundations/lessons/installation-overview#os-options>).",
      "title": "OS support",
    },
  ],
}
`;
