// Jest Snapshot v1, https://goo.gl/fbAQLP

exports[`!google callback returns correct output 1`] = `
{
  "embeds": [
    {
      "color": 13407555,
      "description": "This [Google query for "The Odin Project"](https://www.google.com/search?q=The+Odin+Project) might help you find what you're looking for.",
      "title": "Search Google",
    },
  ],
}
`;
