// Jest Snapshot v1, https://goo.gl/fbAQLP

exports[`!os callback returns correct output 1`] = `
{
  "embeds": [
    {
      "color": 13407555,
      "description": "**The Odin Project does not support Windows or any other OS outside of our recommendations**. We are happy to assist with any questions about installing a VM, using WSL, or dual booting Linux. <https://www.theodinproject.com/paths/foundations/courses/foundations/lessons/installation-overview#os-options>",
      "title": "Windows",
      "url": "https://www.theodinproject.com/paths/foundations/courses/foundations/lessons/installation-overview#os-options",
    },
  ],
}
`;
