// Jest Snapshot v1, https://goo.gl/fbAQLP

exports[` 1`] = `Promise {}`;

exports[`/leaderboard callback returns correct output 1`] = `
"**leaderboard** 
10 - user9 [XX points] 
11 - user10 [XX points] 
12 - user11 [XX points] 
13 - user12 [XX points] 
14 - user13 [XX points] 
15 - user14 [XX points] 
16 - user15 [XX points] 
17 - user16 [XX points] 
18 - user17 [XX points] 
19 - user18 [XX points] 
"
`;
