// Jest Snapshot v1, https://goo.gl/fbAQLP

exports[`/leaderboard callback returns correct output 1`] = `undefined`;

exports[`@user ++ callback returns correct output for a single user entering club-40 1`] = `"HEYYY EVERYONE SAY HI TO [object Object] the newest member of CLUB 40"`;

exports[`@user ++ callback returns correct output for a single user entering club-40 2`] = `"Woot! [object Object] now has 40 points"`;

exports[`@user ++ callback returns correct output for a single user w/o club-40 1`] = `"Sweet! [object Object] now has 21 points"`;

exports[`@user ++ callback returns correct output for a user mentioning Odin Bot 1`] = `"awwwww shucks... :heart_eyes:"`;

exports[`@user ++ callback returns correct output for a user mentioning themselves 1`] = `"http://media0.giphy.com/media/RddAJiGxTPQFa/200.gif"`;

exports[`@user ++ callback returns correct output for a user mentioning themselves 2`] = `"You can't do that!"`;

exports[`@user ++ callback returns correct output for more than five mentioned users 1`] = `"you can only do 5 at a time..... "`;

exports[`@user ++ callback returns correct output for more than five mentioned users 2`] = `"Sweet! [object Object] now has 11 points"`;

exports[`@user ++ callback returns correct output for more than five mentioned users 3`] = `"Sweet! [object Object] now has 12 points"`;

exports[`@user ++ callback returns correct output for more than five mentioned users 4`] = `"Nice! [object Object] now has 4 points"`;

exports[`@user ++ callback returns correct output for more than five mentioned users 5`] = `"Nice! [object Object] now has 2 points"`;

exports[`@user ++ callback returns correct output for more than five mentioned users 6`] = `"Nice! [object Object] now has 1 point"`;

exports[`@user ++ callback returns correct output for up to five mentioned users 1`] = `"Woot! [object Object] now has 34 points"`;

exports[`@user ++ callback returns correct output for up to five mentioned users 2`] = `"Sweet! [object Object] now has 22 points"`;

exports[`@user ++ callback returns correct output for up to five mentioned users 3`] = `"Nice! [object Object] now has 3 points"`;

exports[`@user ++ callback returns correct output for up to five mentioned users 4`] = `"Nice! [object Object] now has 1 point"`;
