// Jest Snapshot v1, https://goo.gl/fbAQLP

exports[`!dab callback returns correct output 1`] = `"https://tenor.com/view/bettywhite-dab-gif-5044603"`;

exports[`!data callback returns correct output 1`] = `
Object {
  "embeds": Array [
    Object {
      "color": 13407555,
      "description": "
Instead of asking if anyone can help you, ask your question outright so people can help you!

**Bad**: \\"Hey, does anyone know how to set CSS styles with Javascript?\\"

**Good**:
\\"Hey, I'm having trouble setting CSS styles via Javascript.

Here's my code:
\`\`\`Code snippet\`\`\`
And here is the error I'm receiving:
\`Cannot set attribute 'style' of null\` \\"

**https://www.dontasktoask.com/**
        ",
      "title": "Don’t ask to ask!",
      "url": "https://www.dontasktoask.com/",
    },
  ],
}
`;

exports[`!fu callback returns correct output 1`] = `"http:!!media.riffsy.com!images!636a97aa416ad674eb2b72d4a6e9ad6c!tenor.gif"`;

exports[`!google callback returns correct output 1`] = `"**This query might help you find what you're looking for >** <https://google.com/search?q=The+Odin+Project>"`;

exports[`!hug callback returns correct output 1`] = `"⊂(´・ω・｀⊂)"`;

exports[`!justdoit callback returns correct output 1`] = `"What are you waiting for?! https://www.youtube.com/watch?v=ZXsQAXx_ao0"`;

exports[`!lenny callback returns correct output 1`] = `"( ͡° ͜ʖ ͡°)"`;

exports[`!motivate callback returns correct output 1`] = `"Don't give up! https://www.youtube.com/watch?v=KxGRhd_iWuE"`;

exports[`!question callback returns correct output 1`] = `
Object {
  "embeds": Array [
    Object {
      "color": 13407555,
      "description": "
Asking context-rich questions makes it easy to receive help, and makes it easy for others to help you quickly! Great engineers ask great questions, and the prompt below is an invitation to improve your skills and set yourself up for success in the workplace. 

**Project/Exercise:**
**Lesson link:**
**Code:** [code sandbox like replit or codepen]
**Issue/Problem:** [screenshots if applicable]
**What I expected:** 
**What I've tried:** 

For even more context around on how to hone your question-asking skills, give this a read: https://www.theodinproject.com/how_to_ask
              ",
      "title": "Asking Great Questions",
    },
  ],
}
`;

exports[`!smart callback returns correct output 1`] = `"f(ಠ‿↼)z"`;

exports[`!xy callback returns correct output 1`] = `"What problem are you *really* trying to solve? Check out this article to help others better understand your question: <https://xyproblem.info/>"`;
